
> tradeflows-marketing@1.0.0 build
> vite build

[36mvite v5.4.20 [32mbuilding for production...[36m[39m
transforming...
[32m✓[39m 87 modules transformed.
rendering chunks...
computing gzip size...
[2mdist/[22m[32mindex.html                               [39m[1m[2m  1.73 kB[22m[1m[22m[2m │ gzip:  0.64 kB[22m
[2mdist/[22m[35massets/LegalPage-BvocLLOf.css            [39m[1m[2m  4.44 kB[22m[1m[22m[2m │ gzip:  1.09 kB[22m
[2mdist/[22m[35massets/NotFoundPage-CUcdjdTX.css         [39m[1m[2m  5.51 kB[22m[1m[22m[2m │ gzip:  1.34 kB[22m
[2mdist/[22m[35massets/BlogPage-qNQMF1OD.css             [39m[1m[2m  6.97 kB[22m[1m[22m[2m │ gzip:  1.61 kB[22m
[2mdist/[22m[35massets/ROICalculator-ALm7tALs.css        [39m[1m[2m  7.31 kB[22m[1m[22m[2m │ gzip:  1.61 kB[22m
[2mdist/[22m[35massets/BlogPost-CaJubMW7.css             [39m[1m[2m  7.46 kB[22m[1m[22m[2m │ gzip:  1.57 kB[22m
[2mdist/[22m[35massets/CareersPage-DJq517qA.css          [39m[1m[2m  7.52 kB[22m[1m[22m[2m │ gzip:  1.54 kB[22m
[2mdist/[22m[35massets/ComparisonPage-DntUeK51.css       [39m[1m[2m  7.63 kB[22m[1m[22m[2m │ gzip:  1.85 kB[22m
[2mdist/[22m[35massets/PressKitPage-rD9G1hFK.css         [39m[1m[2m  7.95 kB[22m[1m[22m[2m │ gzip:  1.96 kB[22m
[2mdist/[22m[35massets/KnowledgeBasePage-C5YB2PZc.css    [39m[1m[2m  8.69 kB[22m[1m[22m[2m │ gzip:  1.86 kB[22m
[2mdist/[22m[35massets/ContactPage-BWn_Z0Sc.css          [39m[1m[2m  8.78 kB[22m[1m[22m[2m │ gzip:  1.86 kB[22m
[2mdist/[22m[35massets/FeaturesPage-Bn8yYayJ.css         [39m[1m[2m  8.99 kB[22m[1m[22m[2m │ gzip:  1.90 kB[22m
[2mdist/[22m[35massets/PricingPage-BRsRe_rN.css          [39m[1m[2m  9.37 kB[22m[1m[22m[2m │ gzip:  2.11 kB[22m
[2mdist/[22m[35massets/KBArticle-Cw269LI9.css            [39m[1m[2m  9.58 kB[22m[1m[22m[2m │ gzip:  1.88 kB[22m
[2mdist/[22m[35massets/AboutPage-DC1xiTX-.css            [39m[1m[2m  9.68 kB[22m[1m[22m[2m │ gzip:  1.85 kB[22m
[2mdist/[22m[35massets/HomePage-CiH71NxJ.css             [39m[1m[2m 10.65 kB[22m[1m[22m[2m │ gzip:  2.36 kB[22m
[2mdist/[22m[35massets/index-McDjE550.css                [39m[1m[2m 27.23 kB[22m[1m[22m[2m │ gzip:  5.86 kB[22m
[2mdist/[22m[36massets/js/NotFoundPage-BSNNsTkW.js       [39m[1m[2m  2.72 kB[22m[1m[22m[2m │ gzip:  1.05 kB[22m
[2mdist/[22m[36massets/js/BlogPage-C5pQGTbM.js           [39m[1m[2m  5.38 kB[22m[1m[22m[2m │ gzip:  1.63 kB[22m
[2mdist/[22m[36massets/js/BlogPost-CGXzkU4H.js           [39m[1m[2m  6.77 kB[22m[1m[22m[2m │ gzip:  2.08 kB[22m
[2mdist/[22m[36massets/js/ROICalculator-D7YDGRQe.js      [39m[1m[2m  7.27 kB[22m[1m[22m[2m │ gzip:  1.85 kB[22m
[2mdist/[22m[36massets/js/KBArticle-BzuAqrBa.js          [39m[1m[2m  7.45 kB[22m[1m[22m[2m │ gzip:  2.15 kB[22m
[2mdist/[22m[36massets/js/KnowledgeBasePage-Dd_jmOwK.js  [39m[1m[2m  7.74 kB[22m[1m[22m[2m │ gzip:  2.00 kB[22m
[2mdist/[22m[36massets/js/CareersPage-BlNjq7Sj.js        [39m[1m[2m 11.18 kB[22m[1m[22m[2m │ gzip:  3.49 kB[22m
[2mdist/[22m[36massets/js/ComparisonPage-CIjmK02Z.js     [39m[1m[2m 12.01 kB[22m[1m[22m[2m │ gzip:  2.79 kB[22m
[2mdist/[22m[36massets/js/ContactPage-ByZbLQgt.js        [39m[1m[2m 12.85 kB[22m[1m[22m[2m │ gzip:  3.61 kB[22m
[2mdist/[22m[36massets/js/AboutPage-DbiVEJ8G.js          [39m[1m[2m 13.40 kB[22m[1m[22m[2m │ gzip:  4.36 kB[22m
[2mdist/[22m[36massets/js/helmet-DMV9SWGa.js             [39m[1m[2m 13.83 kB[22m[1m[22m[2m │ gzip:  5.13 kB[22m
[2mdist/[22m[36massets/js/PressKitPage-CbGC7MRl.js       [39m[1m[2m 14.09 kB[22m[1m[22m[2m │ gzip:  3.36 kB[22m
[2mdist/[22m[36massets/js/PricingPage-CdrkZOoE.js        [39m[1m[2m 14.45 kB[22m[1m[22m[2m │ gzip:  3.38 kB[22m
[2mdist/[22m[36massets/js/HomePage-BazVku6j.js           [39m[1m[2m 17.22 kB[22m[1m[22m[2m │ gzip:  4.32 kB[22m
[2mdist/[22m[36massets/js/PrivacyPage-8vaLj6sN.js        [39m[1m[2m 17.88 kB[22m[1m[22m[2m │ gzip:  5.13 kB[22m
[2mdist/[22m[36massets/js/FeaturesPage-BT91X6XE.js       [39m[1m[2m 18.59 kB[22m[1m[22m[2m │ gzip:  3.99 kB[22m
[2mdist/[22m[36massets/js/router-DkIiqpl1.js             [39m[1m[2m 19.24 kB[22m[1m[22m[2m │ gzip:  7.14 kB[22m
[2mdist/[22m[36massets/js/blogPosts-D68nTp3h.js          [39m[1m[2m 19.34 kB[22m[1m[22m[2m │ gzip:  8.26 kB[22m
[2mdist/[22m[36massets/js/TermsPage-D8hVwkF5.js          [39m[1m[2m 19.79 kB[22m[1m[22m[2m │ gzip:  5.86 kB[22m
[2mdist/[22m[36massets/js/index-D1_xQMHb.js              [39m[1m[2m 33.56 kB[22m[1m[22m[2m │ gzip: 10.18 kB[22m
[2mdist/[22m[36massets/js/kbArticles-C8qO7ILs.js         [39m[1m[2m 64.76 kB[22m[1m[22m[2m │ gzip: 23.61 kB[22m
[2mdist/[22m[36massets/js/react-vendor-Cwrr0w9t.js       [39m[1m[2m139.28 kB[22m[1m[22m[2m │ gzip: 44.73 kB[22m
[32m✓ built in 3.44s[39m
